
Merging object attributes


Discarded input sections

 .text          0x00000000        0x0 boot.o
 .data          0x00000000        0x0 boot.o
 .text          0x00000000        0x0 main.o
 .data          0x00000000        0x0 main.o
 .bss           0x00000000        0x0 main.o
 .comment       0x00000000       0x13 main.o
 .note.GNU-stack
                0x00000000        0x0 main.o

Memory Configuration

Name             Origin             Length             Attributes
IMEM             0x00000000         0x00004000         xr
DMEM             0x00010000         0x00010000         rw
*default*        0x00000000         0xffffffff

Linker script and memory map


.text           0x00000000      0x510
 *(.text.init)
 .text.init     0x00000000       0xb4 boot.o
                0x00000000                _start
                0x0000004c                _trap_handler
 *(.text .text.*)
 .text.startup.main
                0x000000b4      0x45c main.o
                0x000000b4                main

.rela.dyn       0x00000510        0x0
 .rela.text.init
                0x00000510        0x0 boot.o

.rodata
 *(.rodata .rodata.*)
 *(.srodata .srodata.*)

.data           0x00010000        0x0
                0x00010000                        __data_start = .
 *(.data .data.*)
 *(.sdata .sdata.*)
                0x00010000                        . = ALIGN (0x10)
                0x00010800                        __global_pointer$ = (. + 0x800)
                0x00010000                        __data_end = .

.bss            0x00010000        0x4
                0x00010000                        __bss_start = .
 *(.bss .bss.*)
 .bss           0x00010000        0x4 boot.o
                0x00010000                _trap_cause
 *(.sbss .sbss.*)
 *(COMMON)
                0x00010004                        . = ALIGN (0x4)
                0x00010004                        __bss_end = .
                0x00020000                        _stack_top = (ORIGIN (DMEM) + LENGTH (DMEM))

/DISCARD/
 *(.comment)
 *(.note*)
 *(.eh_frame*)
LOAD boot.o
LOAD main.o
OUTPUT(firmware.elf elf32-littleriscv)

.riscv.attributes
                0x00000000       0x4f
 .riscv.attributes
                0x00000000       0x4d boot.o
 .riscv.attributes
                0x0000004d       0x4f main.o
